WARNING: Using incubator modules: jdk.incubator.vector
26/10/02 14:03:46 WARN NativeCodeLoader: Unable to load native-hadoop library for your platform... using builtin-java classes where applicable
26/10/02 14:03:46 WARN Utils: Service 'SparkUI' could not bind on port 4040. Attempting port 4041.
26/10/02 14:03:46 WARN Utils: Service 'SparkUI' could not bind on port 4041. Attempting port 4042.
26/10/02 14:03:46 WARN Utils: Service 'SparkUI' could not bind on port 4042. Attempting port 4043.
26/10/02 14:03:46 WARN Utils: Service 'SparkUI' could not bind on port 4043. Attempting port 4044.
26/10/02 14:03:46 WARN Utils: Service 'SparkUI' could not bind on port 4044. Attempting port 4045.
26/10/02 14:03:46 WARN Utils: Service 'SparkUI' could not bind on port 4045. Attempting port 4046.
26/10/02 14:03:46 WARN Utils: Service 'SparkUI' could not bind on port 4046. Attempting port 4047.
26/10/02 14:03:46 WARN Utils: Service 'SparkUI' could not bind on port 4047. Attempting port 4048.
26/10/02 14:03:46 WARN Utils: Service 'SparkUI' could not bind on port 4048. Attempting port 4049.
26/10/02 14:03:46 WARN Utils: Service 'SparkUI' could not bind on port 4049. Attempting port 4050.
26/10/02 14:03:46 WARN Utils: Service 'SparkUI' could not bind on port 4050. Attempting port 4051.
26/10/02 14:03:46 WARN Utils: Service 'SparkUI' could not bind on port 4051. Attempting port 4052.
26/10/02 14:03:46 WARN Utils: Service 'SparkUI' could not bind on port 4052. Attempting port 4053.
26/10/02 14:03:46 WARN Utils: Service 'SparkUI' could not bind on port 4053. Attempting port 4054.
26/10/02 14:03:46 WARN Utils: Service 'SparkUI' could not bind on port 4054. Attempting port 4055.
26/10/02 14:03:46 WARN Utils: Service 'SparkUI' could not bind on port 4055. Attempting port 4056.
26/10/02 14:03:46 ERROR SparkUI: Failed to bind SparkUI
java.net.BindException: Failed to bind to airflow/172.18.0.26:4056: Service 'SparkUI' failed after 16 retries (starting from 4040)! Consider explicitly setting the appropriate port for the service 'SparkUI' (for example spark.ui.port for SparkUI) to an available port or increasing spark.port.maxRetries.
	at org.sparkproject.jetty.server.ServerConnector.openAcceptChannel(ServerConnector.java:344) ~[spark-core_2.13-4.0.4.jar:4.0.4]
	at org.sparkproject.jetty.server.ServerConnector.open(ServerConnector.java:304) ~[spark-core_2.13-4.0.4.jar:4.0.4]
	at org.sparkproject.jetty.server.AbstractNetworkConnector.doStart(AbstractNetworkConnector.java:74) ~[spark-core_2.13-4.0.4.jar:4.0.4]
	at org.sparkproject.jetty.server.ServerConnector.doStart(ServerConnector.java:228) ~[spark-core_2.13-4.0.4.jar:4.0.4]
	at org.sparkproject.jetty.util.component.AbstractLifeCycle.start(AbstractLifeCycle.java:93) ~[spark-core_2.13-4.0.4.jar:4.0.4]
	at org.apache.spark.ui.JettyUtils$.newConnector$1(JettyUtils.scala:315) ~[spark-core_2.13-4.0.4.jar:4.0.4]
	at org.apache.spark.ui.JettyUtils$.httpConnect$1(JettyUtils.scala:360) ~[spark-core_2.13-4.0.4.jar:4.0.4]
	at org.apache.spark.ui.JettyUtils$.$anonfun$startJettyServer$8(JettyUtils.scala:363) ~[spark-core_2.13-4.0.4.jar:4.0.4]
	at org.apache.spark.ui.JettyUtils$.$anonfun$startJettyServer$8$adapted(JettyUtils.scala:363) ~[spark-core_2.13-4.0.4.jar:4.0.4]
	at org.apache.spark.util.Utils$.$anonfun$startServiceOnPort$2(Utils.scala:2262) ~[spark-core_2.13-4.0.4.jar:4.0.4]
	at scala.collection.immutable.Range.foreach$mVc$sp(Range.scala:192) ~[scala-library-2.13.16.jar:?]
	at org.apache.spark.util.Utils$.startServiceOnPort(Utils.scala:2254) ~[spark-core_2.13-4.0.4.jar:4.0.4]
	at org.apache.spark.util.Utils$.startServiceOnPort(Utils.scala:2230) ~[spark-core_2.13-4.0.4.jar:4.0.4]
	at org.apache.spark.ui.JettyUtils$.startJettyServer(JettyUtils.scala:364) ~[spark-core_2.13-4.0.4.jar:4.0.4]
	at org.apache.spark.ui.WebUI.initServer(WebUI.scala:146) ~[spark-core_2.13-4.0.4.jar:4.0.4]
	at org.apache.spark.ui.SparkUI.bind(SparkUI.scala:154) ~[spark-core_2.13-4.0.4.jar:4.0.4]
	at org.apache.spark.SparkContext.$anonfun$new$14(SparkContext.scala:523) ~[spark-core_2.13-4.0.4.jar:4.0.4]
	at org.apache.spark.SparkContext.$anonfun$new$14$adapted(SparkContext.scala:523) ~[spark-core_2.13-4.0.4.jar:4.0.4]
	at scala.Option.foreach(Option.scala:437) [scala-library-2.13.16.jar:?]
	at org.apache.spark.SparkContext.<init>(SparkContext.scala:523) [spark-core_2.13-4.0.4.jar:4.0.4]
	at org.apache.spark.api.java.JavaSparkContext.<init>(JavaSparkContext.scala:59) [spark-core_2.13-4.0.4.jar:4.0.4]
	at java.base/jdk.internal.reflect.NativeConstructorAccessorImpl.newInstance0(Native Method) ~[?:?]
	at java.base/jdk.internal.reflect.NativeConstructorAccessorImpl.newInstance(NativeConstructorAccessorImpl.java:77) [?:?]
	at java.base/jdk.internal.reflect.DelegatingConstructorAccessorImpl.newInstance(DelegatingConstructorAccessorImpl.java:45) [?:?]
	at java.base/java.lang.reflect.Constructor.newInstanceWithCaller(Constructor.java:500) [?:?]
	at java.base/java.lang.reflect.Constructor.newInstance(Constructor.java:481) [?:?]
	at py4j.reflection.MethodInvoker.invoke(MethodInvoker.java:247) [py4j-0.10.9.9.jar:?]
	at py4j.reflection.ReflectionEngine.invoke(ReflectionEngine.java:374) [py4j-0.10.9.9.jar:?]
	at py4j.Gateway.invoke(Gateway.java:238) [py4j-0.10.9.9.jar:?]
	at py4j.commands.ConstructorCommand.invokeConstructor(ConstructorCommand.java:80) [py4j-0.10.9.9.jar:?]
	at py4j.commands.ConstructorCommand.execute(ConstructorCommand.java:69) [py4j-0.10.9.9.jar:?]
	at py4j.ClientServerConnection.waitForCommands(ClientServerConnection.java:184) [py4j-0.10.9.9.jar:?]
	at py4j.ClientServerConnection.run(ClientServerConnection.java:108) [py4j-0.10.9.9.jar:?]
	at java.base/java.lang.Thread.run(Thread.java:840) [?:?]
